C:/Users/houjo/ROBOCON/WARIKOMI_uart/Core/Src/main.c:56:6:HAL_UART_RxCpltCallback	16	static
C:/Users/houjo/ROBOCON/WARIKOMI_uart/Core/Src/main.c:75:5:main	8	static
C:/Users/houjo/ROBOCON/WARIKOMI_uart/Core/Src/main.c:129:6:SystemClock_Config	88	static
C:/Users/houjo/ROBOCON/WARIKOMI_uart/Core/Src/main.c:177:13:MX_USART2_UART_Init	8	static
C:/Users/houjo/ROBOCON/WARIKOMI_uart/Core/Src/main.c:210:13:MX_GPIO_Init	48	static
C:/Users/houjo/ROBOCON/WARIKOMI_uart/Core/Src/main.c:252:6:Error_Handler	4	static,ignoring_inline_asm
